Open Watcom Linker Version 2.0 beta Sep  3 2024 02:05:05 (32-bit)
Copyright (c) 2002-2024 The Open Watcom Contributors. All Rights Reserved.
Portions Copyright (c) 1985-2002 Sybase, Inc. All Rights Reserved.
Created on:       25/04/23 15:54:22
Executable Image: sqmus.exe
creating a DOS executable


                        +------------+
                        |   Groups   |
                        +------------+

Group                           Address              Size
=====                           =======              ====

DGROUP                          0662:0000            00001a00



                        +--------------+
                        |   Segments   |
                        +--------------+

Segment                Class          Group          Address         Size
=======                =====          =====          =======         ====

BEGTEXT                CODE           AUTO           0000:0000       00000007
_TEXT                  CODE           AUTO           0000:0010       0000660d
FAR_DATA               FAR_DATA       AUTO           0661:000d       00000000
_NULL                  BEGDATA        DGROUP         0662:0000       00000020
_AFTERNULL             BEGDATA        DGROUP         0664:0000       00000002
CONST                  DATA           DGROUP         0664:0002       00000718
CONST2                 DATA           DGROUP         06d5:000a       00000035
_DATA                  DATA           DGROUP         06d9:0000       000005b6
XIB                    DATA           DGROUP         0734:0006       00000000
XI                     DATA           DGROUP         0734:0006       00000012
XIE                    DATA           DGROUP         0735:0008       00000000
YIB                    DATA           DGROUP         0735:0008       00000000
YI                     DATA           DGROUP         0735:0008       00000012
YIE                    DATA           DGROUP         0736:000a       00000000
DATA                   DATA           DGROUP         0736:000a       00000000
_BSS                   BSS            DGROUP         0737:0000       000009a8
STACK                  STACK          DGROUP         07d2:0000       00000300


                        +----------------+
                        |   Memory Map   |
                        +----------------+

* = unreferenced symbol
+ = symbol only referenced locally

Address        Symbol
=======        ======

Module: sqmus.obj(C:\SQMUS\sqmus.c)
0662:0d50      _AdLibInstrumentList
0662:1140+     _muslocation
0662:1144+     _currentsong_int_count
0662:1148+     _myargc
0662:114a+     _myargv
0662:114c+     _currentsong_length
0662:114e+     _currentsong_start_offset
0662:1150+     _currentsong_looping
0662:1152+     _currentsong_num_instruments
0662:0770      _playingdriver
0662:0772+     _currentsong_ticks_to_process
0662:0774      _playingstate
0662:0776      _playingpercussMask
0662:0778      _playingvolume
0662:077c      _playingtime
0662:0780+     _called
0662:0782+     _finishplaying
0662:0784+     _loops_enabled
0662:0786+     _opl_valid_instruments
0000:0010*     donothing_
0000:0012+     far_fread_
0000:009c+     MUS_Parseheader_
0000:01da*     playpcspeakernote_
0000:0212*     stoppcspeaker_
0000:022e+     MUS_ServiceRoutine_
0000:03e8+     tryloaddrivertype_
0000:0510+     attemptDetectingAnyHardware_
0000:0536+     sigint_catcher_
0000:055a+     locallib_strlwr_
0000:057c+     locallib_strcmp_
0000:05ae+     locallib_toupper_
0000:05ba+     checkparm_
0000:0604+     findfilenameparm_
0000:06b4      main_
0662:0788+     _pc_speaker_freq_table
0662:0888*     _next
0662:088a*     _lastvalue
0662:1154+     _currentsong_primary_channels
0662:1156+     _currentsong_secondary_channels
0662:1158*     _sfxlength_currentsample
0662:115a+     _currentsong_play_timer
0662:115c+     _currentsong_playing_offset
0662:115e*     _sfxlength
0662:1160      _instrumentlookup
0662:120f*     _playingpcspeakersfx
Module: sqmusopl.obj(C:\SQMUS\sqmusopl.c)
0000:0b20+     OPLwriteReg_
0000:0b5c+     OPLwriteChannel_
0000:0b94*     OPLwriteValue_
0000:0bb2+     OPLwriteFreq_
0000:0c04+     OPLconvertVolume_
0000:0c24*     OPLpanVolume_
0000:0c4c+     OPLwriteVolume_
0000:0ca0+     OPLwritePan_
0000:0cd4+     OPLwriteInstrument_
0000:0d58*     OPLinit_
0000:0d86+     OPLshutup_
0000:0e08+     OPLdeinit_
0000:0e40+     OPL2detect_
0000:0e40      OPL2detectHardware_
0000:0ec2*     OPL3detect_
0000:0ec2      OPL3detectHardware_
0000:0ede+     writeFrequency_
0000:0f78+     writeModulation_
0000:0fbe+     calcVolumeOPL_
0000:0fd8+     occupyChannel_
0000:1148+     releaseChannel_
0000:11b2+     releaseSustain_
0000:11f0+     findFreeChannel_
0000:12e4+     getInstrument_
0000:135a+     OPLplayNote_
0000:143a+     OPLreleaseNote_
0000:14a4+     OPLpitchWheel_
0000:153e+     OPLchangeControl_
0000:16d2+     OPLplayMusic_
0000:16f0+     OPLstopMusic_
0000:1728+     OPLchangeSystemVolume_
0000:179a+     OPLinitDriver_
0000:17de+     OPL2initHardware_
0000:17e6+     OPL3initHardware_
0000:17f0+     OPL3deinitHardware_
0000:17f0+     OPL2deinitHardware_
0662:088e+     _OPLport
0662:0890+     _OPLchannels
0662:0891+     _OPL3mode
0662:0892+     _op_num
0662:08b6+     _reg_num
0662:08da+     _noteVolumetable
0662:095a      _OPL2driver
0662:0975      _OPL3driver
0662:0990+     _OPLsinglevoice
0662:0992+     _freqtable
0662:09a0+     _freqtable2
0662:09b8+     _pitchwheeltable
0662:1210+     _OPL2driverdata
0662:1280+     _channels
Module: sqmusmpu.obj(C:\SQMUS\sqmusmpu.c)
0000:1800+     MPU401sendByte_
0000:184e*     MPU401sendBlock_
0000:1898*     MPU401reset_
0000:18a8+     MPU401deinitHardware_
0000:18ae+     MPU401sendMIDI_
0000:18f2      MPU401detectHardware_
0000:1904+     MPU401initHardware_
0000:1914+     MPU401sendCommand_
0662:0aba+     _MPU401port
0662:0abc      _runningStatus
0662:0abd      _MPU401driver
Module: sqmusmid.obj(C:\SQMUS\sqmusmid.c)
0000:1950*     calcVolume_
0000:1960+     stopChannel_
0000:198e+     findFreeMIDIChannel_
0000:1a3a+     updateControllers_
0000:1b16+     sendSystemVolume_
0000:1b6c      MIDIplayNote_
0000:1c38      MIDIreleaseNote_
0000:1c9e      MIDIpitchWheel_
0000:1d0c      MIDIchangeControl_
0000:1dd4      MIDIplayMusic_
0000:1e62      MIDIstopMusic_
0000:1edc      MIDIchangeSystemVolume_
0000:1ee8      MIDIinitDriver_
0662:073a+     _MUS2MIDIctrl
0662:1380+     _mididriverData
0662:1460+     _MIDItime
0662:14a0+     _MIDIchannels
0662:14b0*     _percussMask
Module: sqmussbm.obj(C:\SQMUS\sqmussbm.c)
0000:1f20+     SBMIDIsendByte_
0000:1f72*     SBMIDIsendBlock_
0000:1f92+     SBMIDIsendMIDI_
0000:1fd0      SBMIDIdetectHardware_
0000:1fd8+     SBMIDIinitHardware_
0000:1fdc+     SBMIDIdeinitHardware_
0662:0ad8+     _SBMIDIport
0662:0ada      _SBMIDIdriver
Module: sqmussfx.obj(C:\SQMUS\sqmussfx.c)
0662:14c0*     _sb_dma_buffer
0662:14d0+     _sb_voicelist
0662:1528+     _sbbuffer
0662:152c+     _SB_DMABuffer
0662:1530+     _SB_OldInt
0662:1534      _sb_sfx_info
0662:15a2+     _SB_TotalDMABufferSize
0662:15a4+     _SB_IntController1Mask
0662:15a6+     _SB_IntController2Mask
0662:15a8+     _SB_DMABufferSegment
0662:0af6      _sfxfilename
0662:0b0a+     _sb_port
0662:0b0c+     _sb_dma
0662:0b0e+     _sb_irq
0662:0b10+     _sb_dma_16
0662:0b11+     _sb_dma_8
0662:0b12+     _SB_CardActive
0662:0b13+     _SB_MixerType
0662:0b14*     _SB_OriginalMidiVolumeLeft
0662:0b15*     _SB_OriginalMidiVolumeRight
0662:0b16+     _SB_OriginalVoiceVolumeLeft
0662:0b17+     _SB_OriginalVoiceVolumeRight
0662:0b18+     _current_sampling_rate
0662:0b19+     _last_sampling_rate
0662:0b1a+     _change_sampling_to_22_next_int
0662:0b1b+     _change_sampling_to_11_next_int
0662:0b1c+     _current_sb_dma_buffer_index
0662:0b1d+     _in_last_buffer_index
0000:1ff0+     SB_Service_Mix22Khz_
0000:2244+     SB_Service_Mix11Khz_
0000:24e0+     SB_ServiceInterrupt_
0000:262a      SB_PlaySoundEffect_
0000:26f2+     SB_WriteDSP_
0000:2726+     SB_ReadDSP_
0000:2754+     SB_ResetDSP_
0000:27b4+     SB_SetPlaybackRate_
0000:27d2*     SB_SetMixMode_
0000:280a+     SB_DSP1xx_BeginPlayback_
0000:2822+     SB_DSP2xx_BeginPlayback_
0000:2840+     SB_DSP4xx_BeginPlayback_
0000:285e+     SB_DMA_VerifyChannel_
0000:2870+     DMA_SetupTransfer_
0000:2982+     SB_SetupDMABuffer_
0000:29e6+     SB_EnableInterrupt_
0000:2a2c      SB_SetupPlayback_
0000:2af6+     SB_DMA_EndTransfer_
0000:2b3c+     SB_DisableInterrupt_
0000:2bba*     SB_StopPlayback_
0000:2bde+     SB_ReadMixer_
0000:2bf4+     SB_WriteMixer_
0000:2c0a+     SB_SaveVoiceVolume_
0000:2c38+     SB_RestoreVoiceVolume_
0000:2c76      SB_Shutdown_
0000:2cc4*     SB_SetVolume_
0000:2d12+     SB_GetDSPVersion_
0000:2d6c      SB_InitCard_
0662:0b1e*     _current_buffer_head
0662:0b1f+     _volnumber
0662:0b20+     _IRQ_TO_INTERRUPT_MAP
0662:0b30+     _DMA_PortInfo
0662:15aa+     _SB_DSP_Version
0662:15ac+     _SB_CurrentDMABufferOffset
0662:15ae+     _SB_DMABufferEndOffset
0662:15b0+     _SB_Mixer_Status
Module: dmx.obj(C:\SQMUS\dmx.c)
0000:2e40*     TS_FreeTaskList_
0000:2e42+     TS_SetClockSpeed_
0000:2e8c+     TS_SetTimer_
0000:2ec0*     TS_SetTimerToMaxTaskRate_
0000:2ece+     TS_ServiceScheduleIntEnabled_
0000:2f8a      TS_Startup_
0000:2fce      TS_ScheduleTask_
0000:2ff2      TS_Dispatch_
0000:2ffc      TS_Shutdown_
0662:0b50+     _TaskServiceRate
0662:0b54+     _TS_Installed
0662:0b55+     _TS_InInterrupt
0662:15c0+     _OldInt8
0662:15c4+     _TaskServiceCount
0662:15c8+     _TS_TimesInInterrupt
0662:15ca+     _HeadTask
Module: C:\WATCOM2\lib286\dos\clibs.lib(fread.c)
0000:3028      fread_
Module: C:\WATCOM2\lib286\dos\clibs.lib(printf.c)
0000:31c3      printf_
Module: C:\WATCOM2\lib286\dos\clibs.lib(exit.c)
0000:31d8      __null_int23_exit_
0000:31d9      exit_
0000:31f5*     _exit_
0662:0b56      ___int23_exit
0662:0b58+     ___FPE_handler_exit
Module: C:\WATCOM2\lib286\dos\clibs.lib(fopen.c)
0000:3204+     __open_flags_
0000:33a4+     _fsopen_
0000:33e6      fopen_
0000:3445*     freopen_
Module: C:\WATCOM2\lib286\dos\clibs.lib(fseek.c)
0000:34dc      fseek_
Module: C:\WATCOM2\lib286\dos\clibs.lib(ftell.c)
0000:35ed      ftell_
Module: C:\WATCOM2\lib286\dos\clibs.lib(fmalloc.c)
0000:363b      _fmalloc_
0662:0b5a+     ___fheapbeg
0662:0b5c      ___fheapRover
0662:0b5e      ___LargestSizeB4Rover
Module: C:\WATCOM2\lib286\dos\clibs.lib(fclose.c)
0000:371d      __doclose_
0000:37ab      __shutdown_stream_
0000:37bc      fclose_
0662:15d8+     ___RmTmpFileFn
Module: C:\WATCOM2\lib286\dos\clibs.lib(fgetc.c)
0000:37de      __fill_buffer_
0000:3893      fgetc_
Module: C:\WATCOM2\lib286\dos\clibs.lib(signl.c)
0000:396c+     __sigfpe_handler_
0000:3994      signal_
0000:3a21      raise_
Module: C:\WATCOM2\lib286\dos\clibs.lib(bioskeyb.c)
0000:3ab4      _bios_keybrd_
Module: C:\WATCOM2\lib286\dos\clibs.lib(ffree.c)
0000:3ab7      _ffree_
Module: C:\WATCOM2\lib286\dos\clibs.lib(i4d.asm)
0000:3af2      __I4D
0000:3b3b      __U4D
Module: C:\WATCOM2\lib286\dos\clibs.lib(i4m.asm)
0000:3bc0*     __I4M
0000:3bc0      __U4M
Module: C:\WATCOM2\lib286\dos\clibs.lib(cprintf.c)
0000:3bed*     vcprintf_
0000:3bfe      cprintf_
Module: C:\WATCOM2\lib286\dos\clibs.lib(cstart)
0000:0003*     ___begtext
0662:0000*     __nullarea
0000:3c18      _cstart_
0000:3dc2      __exit_
0000:3ddf      __do_exit_with_msg_
0000:3ea5      __GETDS
Module: C:\WATCOM2\lib286\dos\clibs.lib(cmodel.asm)
0000:3eb0      _small_code_
0000:3eb0*     CodeModelMismatch
Module: C:\WATCOM2\lib286\dos\clibs.lib(argcv.c)
0662:15da      __argc
0662:15dc      __argv
0662:15de      ___argc
0662:15e0      ___argv
Module: C:\WATCOM2\lib286\dos\clibs.lib(chainint)
0000:3eb0      _chain_intr_
Module: C:\WATCOM2\lib286\dos\clibs.lib(d_setvec.c)
0000:3ed0      _dos_setvect_
Module: C:\WATCOM2\lib286\dos\clibs.lib(d_getvec.c)
0000:3edd      _dos_getvect_
Module: C:\WATCOM2\lib286\dos\clibs.lib(qread.c)
0000:3ee8      __qread_
Module: C:\WATCOM2\lib286\dos\clibs.lib(errno.c)
0000:3efe      __get_errno_ptr_
0662:15e2+     _errno
Module: C:\WATCOM2\lib286\dos\clibs.lib(ioalloc.c)
0000:3f02      __ioalloc_
Module: C:\WATCOM2\lib286\dos\clibs.lib(iob.c)
0662:0b7e      ___iob
0662:15e4      ___OpenStreams
0662:15e6      ___ClosedStreams
Module: C:\WATCOM2\lib286\dos\clibs.lib(fprtf.c)
0000:3f7f      __fprtf_
Module: C:\WATCOM2\lib286\dos\clibs.lib(initrtns.c)
0000:4048*     __FInitRtns
0000:404c      __InitRtns
0000:40a3*     __FFiniRtns
0000:40a7      __FiniRtns
Module: C:\WATCOM2\lib286\dos\clibs.lib(comtflag.c)
0000:4105*     __set_commode_
0662:0c96      __commode
Module: C:\WATCOM2\lib286\dos\clibs.lib(textmode.c)
0662:0c98      __fmode
Module: C:\WATCOM2\lib286\dos\clibs.lib(tolower.c)
0000:410c      tolower_
Module: C:\WATCOM2\lib286\dos\clibs.lib(open.c)
0000:42c8*     open_
0000:42e7      _sopen_
Module: C:\WATCOM2\lib286\dos\clibs.lib(chktty.c)
0000:4301      __chktty_
Module: C:\WATCOM2\lib286\dos\clibs.lib(freefp.c)
0000:4326      __freefp_
0000:434a      __purgefp_
Module: C:\WATCOM2\lib286\dos\clibs.lib(allocfp.c)
0000:4361      __allocfp_
Module: C:\WATCOM2\lib286\dos\clibs.lib(lseek.c)
0000:43ed      lseek_
Module: C:\WATCOM2\lib286\dos\clibs.lib(flush.c)
0000:4418      __flush_
Module: C:\WATCOM2\lib286\dos\clibs.lib(tell.c)
0000:4504      _tell_
Module: C:\WATCOM2\lib286\dos\clibs.lib(fflush.c)
0000:4513      fflush_
Module: C:\WATCOM2\lib286\dos\clibs.lib(mem.c)
0000:4520      __MemAllocator
0000:45e8      __MemFree
Module: C:\WATCOM2\lib286\dos\clibs.lib(growseg.c)
0000:4762      __GrowSeg_
Module: C:\WATCOM2\lib286\dos\clibs.lib(allocseg.c)
0000:4836      __AllocSeg_
Module: C:\WATCOM2\lib286\dos\clibs.lib(fmemneed.c)
0000:48e0      __fmemneed_
Module: C:\WATCOM2\lib286\dos\clibs.lib(nmalloc.c)
0000:48e3      _nmalloc_
0000:48e3      malloc_
0662:0c9a      ___nheapbeg
0662:0c9c      ___MiniHeapRover
0662:0c9e      ___LargestSizeB4MiniHeapRover
Module: C:\WATCOM2\lib286\dos\clibs.lib(__lseek.c)
0000:499c      __lseek_
Module: C:\WATCOM2\lib286\dos\clibs.lib(_clse.c)
0000:49d4      __close_
Module: C:\WATCOM2\lib286\dos\clibs.lib(nfree.c)
0000:4a06      _nfree_
0000:4a06      free_
0662:15e8+     ___MiniHeapFreeRover
Module: C:\WATCOM2\lib286\dos\clibs.lib(flushall.c)
0000:4ac9      __flushall_
0000:4afa      flushall_
Module: C:\WATCOM2\lib286\dos\clibs.lib(gtche.c)
0000:4aff      getche_
Module: C:\WATCOM2\lib286\dos\clibs.lib(crwdata)
0662:0ca0      __curbrk
0662:0ca8      __STACKLOW
0662:0caa      __STACKTOP
0662:0cac      __cbyte
0662:0cae      __child
0662:0cb0      __no87
0662:0cbd      ___FPE_handler
0662:0ca2      __psp
0662:0cb1      __get_ovl_stack
0662:0cb5      __restore_ovl_stack
0662:0cb9      __close_ovl_file
0662:0cc1      __LpCmdLine
0662:0cc5      __LpPgmName
0662:0ca4      __osmajor
0662:0ca5      __osminor
0662:0ca6      __osmode
0662:0ca7      __HShift
Module: C:\WATCOM2\lib286\dos\clibs.lib(abort.c)
0000:4b14*     abort_
0000:4b1f      __terminate_
0662:0cca      ___abort
Module: C:\WATCOM2\lib286\dos\clibs.lib(sigsy.c)
0000:4baa      __restore_int23_
0000:4bfb      __restore_int_ctrl_break_
0000:4c39      __grab_int23_
0000:4c83      __grab_int_ctrl_break_
Module: C:\WATCOM2\lib286\dos\clibs.lib(func086.asm)
0000:4cc4*     __ibm_bios_equiplist_
0000:4cc7      __ibm_bios_keybrd_
0000:4cdc*     __ibm_bios_memsize_
0000:4cdf*     __ibm_bios_printer_
0000:4cea*     __ibm_bios_serialcom_
Module: C:\WATCOM2\lib286\dos\clibs.lib(putch.c)
0000:4cf1      putch_
Module: C:\WATCOM2\lib286\dos\clibs.lib(prtf.c)
0000:5636      __prtf_
Module: C:\WATCOM2\lib286\dos\clibs.lib(xmsg.c)
0000:583a*     __exit_with_msg_
0000:583d      __fatal_runtime_error_
Module: C:\WATCOM2\lib286\dos\clibs.lib(cmain086.c)
0000:5854      __CMain
Module: C:\WATCOM2\lib286\dos\clibs.lib(uselfn.c)
0662:0cd4      ___uselfn
Module: C:\WATCOM2\lib286\dos\clibs.lib(dosseg)
0000:5862      __DOSseg__
Module: C:\WATCOM2\lib286\dos\clibs.lib(initargv.c)
0000:59c8      __Init_Argv_
0000:59f9      __Fini_Argv_
Module: C:\WATCOM2\lib286\dos\clibs.lib(dosret.c)
0000:5a04      __set_errno_dos_
0000:5a64*     __set_errno_dos_reterr_
Module: C:\WATCOM2\lib286\dos\clibs.lib(initfile.c)
0000:5a6e      __InitFiles_
Module: C:\WATCOM2\lib286\dos\clibs.lib(ioexit.c)
0000:5b46*     fcloseall_
0000:5b4b      __full_io_exit_
Module: C:\WATCOM2\lib286\dos\clibs.lib(fputc.c)
0000:5b53      fputc_
Module: C:\WATCOM2\lib286\dos\clibs.lib(sgdef086)
0662:0d26      __Start_XI
0662:0d38      __End_XI
0662:0d38      __Start_YI
0662:0d4a      __End_YI
Module: C:\WATCOM2\lib286\dos\clibs.lib(opendos.c)
0000:5bfc      _dos_open_
Module: C:\WATCOM2\lib286\dos\clibs.lib(iomode.c)
0000:5c10      __GetIOMode_
0000:5c27      __SetIOMode_nogrow_
0662:0cea      ___NFiles
0662:0cec      ___init_mode
0662:0d14      ___io_mode
Module: C:\WATCOM2\lib286\dos\clibs.lib(isatt.c)
0000:5c3c      isatty_
Module: C:\WATCOM2\lib286\dos\clibs.lib(doserrno.c)
0000:5c58      __get_doserrno_ptr_
0662:15ec+     __doserrno
Module: C:\WATCOM2\lib286\dos\clibs.lib(umaskval.c)
0662:0d16      ___umaskval
Module: C:\WATCOM2\lib286\dos\clibs.lib(creatdos.c)
0000:5c5c      _dos_creat_
0000:5c6e*     _dos_creatnew_
Module: C:\WATCOM2\lib286\dos\clibs.lib(stiomode.c)
0000:5c80+     __grow_iomode_
0000:5d07+     __shrink_iomode_
0000:5d20      __SetIOMode_
Module: C:\WATCOM2\lib286\dos\clibs.lib(qwrit.c)
0000:5d71      __qwrite_
Module: C:\WATCOM2\lib286\dos\clibs.lib(fsync.c)
0000:5dca      fsync_
Module: C:\WATCOM2\lib286\dos\clibs.lib(heapen.c)
0000:5dcd*     _heapenable_
0662:0d18      ___heap_enabled
Module: C:\WATCOM2\lib286\dos\clibs.lib(amblksiz.c)
0662:0d1a      __amblksiz
Module: C:\WATCOM2\lib286\dos\clibs.lib(nmemneed.c)
0000:5dd9      __nmemneed_
Module: C:\WATCOM2\lib286\dos\clibs.lib(grownear.c)
0000:5e42+     __LastFree_
0000:5ea9      __ExpandDGROUP_
Module: C:\WATCOM2\lib286\dos\clibs.lib(wctomb.c)
0000:5f7c      wctomb_
Module: C:\WATCOM2\lib286\dos\clibs.lib(itoa.c)
0000:5f99+     utoa_
0000:5fde      itoa_
Module: C:\WATCOM2\lib286\dos\clibs.lib(noefgfmt.c)
0662:0d1c      ___EFG_printf
0662:0d1e*     ___EFG_scanf
Module: C:\WATCOM2\lib286\dos\clibs.lib(lltoa.c)
0000:6006      ulltoa_
0000:60ca*     lltoa_
Module: C:\WATCOM2\lib286\dos\clibs.lib(strupr.c)
0000:611d      _strupr_
Module: C:\WATCOM2\lib286\dos\clibs.lib(ltoa.c)
0000:613d      ultoa_
0000:6190*     ltoa_
Module: C:\WATCOM2\lib286\dos\clibs.lib(mbisdbcs.c)
0662:0d20      ___IsDBCS
Module: C:\WATCOM2\lib286\dos\clibs.lib(mbislead.c)
0000:61b0*     _ismbblead_
0662:15f0      ___MBCSIsTable
Module: C:\WATCOM2\lib286\dos\clibs.lib(enterdb.c)
0000:61c5      __EnterWVIDEO_
0662:0d22+     __WD_Present
Module: C:\WATCOM2\lib286\dos\clibs.lib(___argc.c)
0662:16f2      ____Argv
0662:16f4      ____Argc
Module: C:\WATCOM2\lib286\dos\clibs.lib(histsplt.c)
0662:16f6      ___historical_splitparms
Module: C:\WATCOM2\lib286\dos\clibs.lib(error086.asm)
0000:61e2      __doserror_
0000:61ee*     __doserror1_
Module: C:\WATCOM2\lib286\dos\clibs.lib(nrealloc.c)
0000:61f8*     _nrealloc_
0000:61f8      realloc_
Module: C:\WATCOM2\lib286\dos\clibs.lib(iomodtty.c)
0000:6264      __ChkTTYIOMode_
0000:6296*     __IOMode_
Module: C:\WATCOM2\lib286\dos\clibs.lib(filedos.c)
0000:62a3*     _dos_close_
0000:62af      _dos_commit_
Module: C:\WATCOM2\lib286\dos\clibs.lib(sbrk.c)
0000:62bc      __brk_
0000:6310*     sbrk_
Module: C:\WATCOM2\lib286\dos\clibs.lib(alphabet.c)
0662:074a      ___Alphabet
Module: C:\WATCOM2\lib286\dos\clibs.lib(mbinit.c)
0000:6373      __mbinit_
0662:0d24+     ___MBCodePage
Module: C:\WATCOM2\lib286\dos\clibs.lib(nmsize.c)
0000:63da*     _msize_
0000:63da      _nmsize_
Module: C:\WATCOM2\lib286\dos\clibs.lib(nexpand.c)
0000:63e9      _nexpand_
0000:63e9*     _expand_
Module: C:\WATCOM2\lib286\dos\clibs.lib(getltdos.c)
0000:6434      dos_get_dbcs_lead_table_
Module: C:\WATCOM2\lib286\dos\clibs.lib(getcpdos.c)
0000:645d      dos_get_code_page_
Module: C:\WATCOM2\lib286\dos\clibs.lib(_expand.c)
0000:646d      __HeapManager_expand_
Module: C:\WATCOM2\lib286\dos\clibs.lib(bfree.c)
0000:65fc      _bfree_


                        +--------------------+
                        |   Libraries Used   |
                        +--------------------+

C:\WATCOM2\lib286\dos\clibs.lib


                        +-----------------------+
                        |   Linker Statistics   |
                        +-----------------------+

Stack size:  0300 (768.)
Memory size:  8020 (32800.)
Entry point address: 0000:3c18
Link time: 00:00.19
