Open Watcom Linker Version 2.0 beta Sep  3 2024 02:05:05 (32-bit)
Copyright (c) 2002-2024 The Open Watcom Contributors. All Rights Reserved.
Portions Copyright (c) 1985-2002 Sybase, Inc. All Rights Reserved.
Created on:       25/04/21 05:03:26
Executable Image: sqmus.exe
creating a DOS executable


                        +------------+
                        |   Groups   |
                        +------------+

Group                           Address              Size
=====                           =======              ====

DGROUP                          0624:0000            000018b0



                        +--------------+
                        |   Segments   |
                        +--------------+

Segment                Class          Group          Address         Size
=======                =====          =====          =======         ====

BEGTEXT                CODE           AUTO           0000:0000       00000007
_TEXT                  CODE           AUTO           0000:0010       0000622d
FAR_DATA               FAR_DATA       AUTO           0623:000d       00000000
_NULL                  BEGDATA        DGROUP         0624:0000       00000020
_AFTERNULL             BEGDATA        DGROUP         0626:0000       00000002
CONST                  DATA           DGROUP         0626:0002       00000666
CONST2                 DATA           DGROUP         068c:0008       00000035
_DATA                  DATA           DGROUP         0690:0000       000005b6
XIB                    DATA           DGROUP         06eb:0006       00000000
XI                     DATA           DGROUP         06eb:0006       00000012
XIE                    DATA           DGROUP         06ec:0008       00000000
YIB                    DATA           DGROUP         06ec:0008       00000000
YI                     DATA           DGROUP         06ec:0008       00000012
YIE                    DATA           DGROUP         06ed:000a       00000000
DATA                   DATA           DGROUP         06ed:000a       00000000
_BSS                   BSS            DGROUP         06ee:0000       00000908
STACK                  STACK          DGROUP         077f:0000       00000300


                        +----------------+
                        |   Memory Map   |
                        +----------------+

* = unreferenced symbol
+ = symbol only referenced locally

Address        Symbol
=======        ======

Module: sqmus.obj(C:\SQMUS\sqmus.c)
0624:0ca0*     _sb_dma_buffer
0624:0cb0      _AdLibInstrumentList
0624:10a0+     _SB_OldInt
0624:10a4+     _SB_DMABuffer
0624:10a8+     _muslocation
0624:10ac+     _currentsong_int_count
0624:10b0+     _sb_voicelist
0624:10e2+     _SB_HaltTransferCommand
0624:10e4+     _SB_TotalDMABufferSize
0624:10e6+     _SB_IntController1Mask
0624:10e8+     _SB_IntController2Mask
0624:10ea+     _SB_DMABufferSegment
0624:10ec+     _SB_DSP_Version
0624:10ee+     _SB_CurrentDMABufferOffset
0624:10f0+     _SB_DMABufferEndOffset
0624:10f2+     _myargv
0624:10f4+     _myargc
0624:10f6*     _sfxlength_currentsample
0624:10f8*     _sfxlength
0624:10fa+     _currentsong_length
0624:10fc+     _currentsong_start_offset
0624:10fe+     _currentsong_looping
0624:1100+     _currentsong_num_instruments
0624:1102+     _currentsong_primary_channels
0624:1104+     _currentsong_secondary_channels
0624:1106+     _currentsong_play_timer
0624:1108+     _currentsong_playing_offset
0624:06c0      _playingdriver
0624:06c2+     _currentsong_ticks_to_process
0624:06c4+     _sfxfilename
0624:06ce      _playingstate
0624:06d0      _playingpercussMask
0624:06d2      _playingvolume
0624:06d4      _playingtime
0624:06d8+     _called
0624:06da+     _finishplaying
0624:06dc+     _loops_enabled
0624:06de+     _opl_valid_instruments
0624:06e0+     _pc_speaker_freq_table
0624:07e0*     _next
0624:07e2*     _lastvalue
0624:07e6+     _sb_port
0624:07e8+     _sb_dma
0624:07ea+     _sb_irq
0624:07ec+     _sb_dma_16
0624:07ed+     _sb_dma_8
0624:07ee+     _SB_MixerType
0624:07ef*     _SB_OriginalMidiVolumeLeft
0624:07f0*     _SB_OriginalMidiVolumeRight
0624:07f1+     _SB_OriginalVoiceVolumeLeft
0624:07f2+     _SB_OriginalVoiceVolumeRight
0624:07f4+     _SB_BUFFERS
0624:07fc+     _current_sampling_rate
0624:07fd+     _last_sampling_rate
0624:07fe+     _change_sampling_to_22_next_int
0624:07ff+     _change_sampling_to_11_next_int
0624:0800*     _current_buffer_head
0000:0010*     donothing_
0000:0012+     far_fread_
0000:009c+     MUS_Parseheader_
0000:01da*     playpcspeakernote_
0000:0212*     stoppcspeaker_
0000:022e+     MUS_ServiceRoutine_
0000:0414+     tryloaddrivertype_
0000:053c+     attemptDetectingAnyHardware_
0000:0562+     sigint_catcher_
0000:0586+     locallib_strlwr_
0000:05a8+     locallib_strcmp_
0000:05da+     locallib_toupper_
0000:05e6+     checkparm_
0000:0630+     findfilenameparm_
0000:06b8+     SB_Service_Mix22Khz_
0000:085a+     SB_Service_Mix11Khz_
0000:092e+     SB_ServiceInterrupt_
0000:0a58+     SB_StartSound_
0000:0a90+     SB_WriteDSP_
0000:0ac4+     SB_ReadDSP_
0000:0af2+     SB_ResetDSP_
0000:0b52+     SB_SetPlaybackRate_
0000:0b7e*     SB_SetMixMode_
0000:0b80+     SB_DSP1xx_BeginPlayback_
0000:0b9e+     SB_DSP2xx_BeginPlayback_
0000:0bc2+     SB_DSP4xx_BeginPlayback_
0000:0be6+     SB_DMA_VerifyChannel_
0000:0bf8+     DMA_SetupTransfer_
0000:0d0c+     SB_SetupDMABuffer_
0000:0d70+     SB_EnableInterrupt_
0000:0db6+     SB_SetupPlayback_
0000:0e06+     SB_DMA_EndTransfer_
0000:0e42+     SB_DisableInterrupt_
0000:0ec0*     SB_StopPlayback_
0000:0eec+     SB_ReadMixer_
0000:0f02+     SB_WriteMixer_
0000:0f18+     SB_SaveVoiceVolume_
0000:0f46+     SB_RestoreVoiceVolume_
0000:0f84+     SB_Shutdown_
0000:0fd2+     SB_GetDSPVersion_
0000:101c+     SB_InitCard_
0000:110c      main_
0624:0801+     _IRQ_TO_INTERRUPT_MAP
0624:0811+     _DMA_PortInfo
0624:110a      _instrumentlookup
0624:11b9+     _SB_Mixer_Status
0624:11ba+     _playingpcmsfx
0624:11bb*     _playingpcspeakersfx
Module: sqmusopl.obj(C:\SQMUS\sqmusopl.c)
0000:1590+     OPLwriteReg_
0000:15cc+     OPLwriteChannel_
0000:1604*     OPLwriteValue_
0000:1622+     OPLwriteFreq_
0000:1674+     OPLconvertVolume_
0000:1694*     OPLpanVolume_
0000:16bc+     OPLwriteVolume_
0000:1710+     OPLwritePan_
0000:1744+     OPLwriteInstrument_
0000:17c8*     OPLinit_
0000:17f6+     OPLshutup_
0000:1878+     OPLdeinit_
0000:18b0+     OPL2detect_
0000:18b0      OPL2detectHardware_
0000:1932*     OPL3detect_
0000:1932      OPL3detectHardware_
0000:194e+     writeFrequency_
0000:19e8+     writeModulation_
0000:1a2e+     calcVolumeOPL_
0000:1a48+     occupyChannel_
0000:1bb8+     releaseChannel_
0000:1c22+     releaseSustain_
0000:1c60+     findFreeChannel_
0000:1d54+     getInstrument_
0000:1dca+     OPLplayNote_
0000:1eaa+     OPLreleaseNote_
0000:1f14+     OPLpitchWheel_
0000:1fae+     OPLchangeControl_
0000:2142+     OPLplayMusic_
0000:2160+     OPLstopMusic_
0000:2198+     OPLchangeSystemVolume_
0000:220a+     OPLinitDriver_
0000:224e+     OPL2initHardware_
0000:2256+     OPL3initHardware_
0000:2260+     OPL3deinitHardware_
0000:2260+     OPL2deinitHardware_
0624:082a+     _OPLport
0624:082c+     _OPLchannels
0624:082d+     _OPL3mode
0624:082e+     _op_num
0624:0852+     _reg_num
0624:0876+     _noteVolumetable
0624:08f6      _OPL2driver
0624:0911      _OPL3driver
0624:092c+     _OPLsinglevoice
0624:092e+     _freqtable
0624:093c+     _freqtable2
0624:0954+     _pitchwheeltable
0624:11bc+     _OPL2driverdata
0624:122c+     _channels
Module: sqmusmpu.obj(C:\SQMUS\sqmusmpu.c)
0000:2270+     MPU401sendByte_
0000:22be*     MPU401sendBlock_
0000:2308*     MPU401reset_
0000:2318+     MPU401deinitHardware_
0000:231e+     MPU401sendMIDI_
0000:2362      MPU401detectHardware_
0000:2374+     MPU401initHardware_
0000:2384+     MPU401sendCommand_
0624:0a56+     _MPU401port
0624:0a58      _runningStatus
0624:0a59      _MPU401driver
Module: sqmusmid.obj(C:\SQMUS\sqmusmid.c)
0000:23c0*     calcVolume_
0000:23d0+     stopChannel_
0000:23fe+     findFreeMIDIChannel_
0000:24aa+     updateControllers_
0000:2586+     sendSystemVolume_
0000:25dc      MIDIplayNote_
0000:26a8      MIDIreleaseNote_
0000:270e      MIDIpitchWheel_
0000:277c      MIDIchangeControl_
0000:2844      MIDIplayMusic_
0000:28d2      MIDIstopMusic_
0000:294c      MIDIchangeSystemVolume_
0000:2958      MIDIinitDriver_
0624:0688+     _MUS2MIDIctrl
0624:1330+     _mididriverData
0624:1410+     _MIDItime
0624:1450+     _MIDIchannels
0624:1460*     _percussMask
Module: sqmussbm.obj(C:\SQMUS\sqmussbm.c)
0000:2990+     SBMIDIsendByte_
0000:29e2*     SBMIDIsendBlock_
0000:2a02+     SBMIDIsendMIDI_
0000:2a40      SBMIDIdetectHardware_
0000:2a48+     SBMIDIinitHardware_
0000:2a4c+     SBMIDIdeinitHardware_
0624:0a74+     _SBMIDIport
0624:0a76      _SBMIDIdriver
Module: dmx.obj(C:\SQMUS\dmx.c)
0000:2a60*     TS_FreeTaskList_
0000:2a62+     TS_SetClockSpeed_
0000:2aac+     TS_SetTimer_
0000:2ae0*     TS_SetTimerToMaxTaskRate_
0000:2aee+     TS_ServiceScheduleIntEnabled_
0000:2baa      TS_Startup_
0000:2bee      TS_ScheduleTask_
0000:2c12      TS_Dispatch_
0000:2c1c      TS_Shutdown_
0624:0aa0+     _TaskServiceRate
0624:0aa4+     _TS_Installed
0624:0aa5+     _TS_InInterrupt
0624:1470+     _OldInt8
0624:1474+     _TaskServiceCount
0624:1478+     _TS_TimesInInterrupt
0624:147a+     _HeadTask
Module: C:\WATCOM2\lib286\dos\clibs.lib(fread.c)
0000:2c48      fread_
Module: C:\WATCOM2\lib286\dos\clibs.lib(printf.c)
0000:2de3      printf_
Module: C:\WATCOM2\lib286\dos\clibs.lib(exit.c)
0000:2df8      __null_int23_exit_
0000:2df9      exit_
0000:2e15*     _exit_
0624:0aa6      ___int23_exit
0624:0aa8+     ___FPE_handler_exit
Module: C:\WATCOM2\lib286\dos\clibs.lib(chainint)
0000:2e24      _chain_intr_
Module: C:\WATCOM2\lib286\dos\clibs.lib(d_setvec.c)
0000:2e44      _dos_setvect_
Module: C:\WATCOM2\lib286\dos\clibs.lib(d_getvec.c)
0000:2e51      _dos_getvect_
Module: C:\WATCOM2\lib286\dos\clibs.lib(fopen.c)
0000:2e5c+     __open_flags_
0000:2ffc+     _fsopen_
0000:303e      fopen_
0000:309d*     freopen_
Module: C:\WATCOM2\lib286\dos\clibs.lib(fseek.c)
0000:3134      fseek_
Module: C:\WATCOM2\lib286\dos\clibs.lib(ftell.c)
0000:3245      ftell_
Module: C:\WATCOM2\lib286\dos\clibs.lib(fmalloc.c)
0000:3293      _fmalloc_
0624:0aaa+     ___fheapbeg
0624:0aac      ___fheapRover
0624:0aae      ___LargestSizeB4Rover
Module: C:\WATCOM2\lib286\dos\clibs.lib(fclose.c)
0000:3375      __doclose_
0000:3403      __shutdown_stream_
0000:3414      fclose_
0624:1488+     ___RmTmpFileFn
Module: C:\WATCOM2\lib286\dos\clibs.lib(fgetc.c)
0000:3436      __fill_buffer_
0000:34eb      fgetc_
Module: C:\WATCOM2\lib286\dos\clibs.lib(signl.c)
0000:35c4+     __sigfpe_handler_
0000:35ec      signal_
0000:3679      raise_
Module: C:\WATCOM2\lib286\dos\clibs.lib(bioskeyb.c)
0000:370c      _bios_keybrd_
Module: C:\WATCOM2\lib286\dos\clibs.lib(ffree.c)
0000:370f      _ffree_
Module: C:\WATCOM2\lib286\dos\clibs.lib(i4d.asm)
0000:374a      __I4D
0000:3793      __U4D
Module: C:\WATCOM2\lib286\dos\clibs.lib(i4m.asm)
0000:3818*     __I4M
0000:3818      __U4M
Module: C:\WATCOM2\lib286\dos\clibs.lib(cprintf.c)
0000:3845*     vcprintf_
0000:3856      cprintf_
Module: C:\WATCOM2\lib286\dos\clibs.lib(cstart)
0000:0003*     ___begtext
0624:0000*     __nullarea
0000:3870      _cstart_
0000:3a1a      __exit_
0000:3a37      __do_exit_with_msg_
0000:3afd      __GETDS
Module: C:\WATCOM2\lib286\dos\clibs.lib(cmodel.asm)
0000:3b08      _small_code_
0000:3b08*     CodeModelMismatch
Module: C:\WATCOM2\lib286\dos\clibs.lib(argcv.c)
0624:148a      __argc
0624:148c      __argv
0624:148e      ___argc
0624:1490      ___argv
Module: C:\WATCOM2\lib286\dos\clibs.lib(qread.c)
0000:3b08      __qread_
Module: C:\WATCOM2\lib286\dos\clibs.lib(errno.c)
0000:3b1e      __get_errno_ptr_
0624:1492+     _errno
Module: C:\WATCOM2\lib286\dos\clibs.lib(ioalloc.c)
0000:3b22      __ioalloc_
Module: C:\WATCOM2\lib286\dos\clibs.lib(iob.c)
0624:0ace      ___iob
0624:1494      ___OpenStreams
0624:1496      ___ClosedStreams
Module: C:\WATCOM2\lib286\dos\clibs.lib(fprtf.c)
0000:3b9f      __fprtf_
Module: C:\WATCOM2\lib286\dos\clibs.lib(initrtns.c)
0000:3c68*     __FInitRtns
0000:3c6c      __InitRtns
0000:3cc3*     __FFiniRtns
0000:3cc7      __FiniRtns
Module: C:\WATCOM2\lib286\dos\clibs.lib(comtflag.c)
0000:3d25*     __set_commode_
0624:0be6      __commode
Module: C:\WATCOM2\lib286\dos\clibs.lib(textmode.c)
0624:0be8      __fmode
Module: C:\WATCOM2\lib286\dos\clibs.lib(tolower.c)
0000:3d2c      tolower_
Module: C:\WATCOM2\lib286\dos\clibs.lib(open.c)
0000:3ee8*     open_
0000:3f07      _sopen_
Module: C:\WATCOM2\lib286\dos\clibs.lib(chktty.c)
0000:3f21      __chktty_
Module: C:\WATCOM2\lib286\dos\clibs.lib(freefp.c)
0000:3f46      __freefp_
0000:3f6a      __purgefp_
Module: C:\WATCOM2\lib286\dos\clibs.lib(allocfp.c)
0000:3f81      __allocfp_
Module: C:\WATCOM2\lib286\dos\clibs.lib(lseek.c)
0000:400d      lseek_
Module: C:\WATCOM2\lib286\dos\clibs.lib(flush.c)
0000:4038      __flush_
Module: C:\WATCOM2\lib286\dos\clibs.lib(tell.c)
0000:4124      _tell_
Module: C:\WATCOM2\lib286\dos\clibs.lib(fflush.c)
0000:4133      fflush_
Module: C:\WATCOM2\lib286\dos\clibs.lib(mem.c)
0000:4140      __MemAllocator
0000:4208      __MemFree
Module: C:\WATCOM2\lib286\dos\clibs.lib(growseg.c)
0000:4382      __GrowSeg_
Module: C:\WATCOM2\lib286\dos\clibs.lib(allocseg.c)
0000:4456      __AllocSeg_
Module: C:\WATCOM2\lib286\dos\clibs.lib(fmemneed.c)
0000:4500      __fmemneed_
Module: C:\WATCOM2\lib286\dos\clibs.lib(nmalloc.c)
0000:4503      _nmalloc_
0000:4503      malloc_
0624:0bea      ___nheapbeg
0624:0bec      ___MiniHeapRover
0624:0bee      ___LargestSizeB4MiniHeapRover
Module: C:\WATCOM2\lib286\dos\clibs.lib(__lseek.c)
0000:45bc      __lseek_
Module: C:\WATCOM2\lib286\dos\clibs.lib(_clse.c)
0000:45f4      __close_
Module: C:\WATCOM2\lib286\dos\clibs.lib(nfree.c)
0000:4626      _nfree_
0000:4626      free_
0624:1498+     ___MiniHeapFreeRover
Module: C:\WATCOM2\lib286\dos\clibs.lib(flushall.c)
0000:46e9      __flushall_
0000:471a      flushall_
Module: C:\WATCOM2\lib286\dos\clibs.lib(gtche.c)
0000:471f      getche_
Module: C:\WATCOM2\lib286\dos\clibs.lib(crwdata)
0624:0bf0      __curbrk
0624:0bf8      __STACKLOW
0624:0bfa      __STACKTOP
0624:0bfc      __cbyte
0624:0bfe      __child
0624:0c00      __no87
0624:0c0d      ___FPE_handler
0624:0bf2      __psp
0624:0c01      __get_ovl_stack
0624:0c05      __restore_ovl_stack
0624:0c09      __close_ovl_file
0624:0c11      __LpCmdLine
0624:0c15      __LpPgmName
0624:0bf4      __osmajor
0624:0bf5      __osminor
0624:0bf6      __osmode
0624:0bf7      __HShift
Module: C:\WATCOM2\lib286\dos\clibs.lib(abort.c)
0000:4734*     abort_
0000:473f      __terminate_
0624:0c1a      ___abort
Module: C:\WATCOM2\lib286\dos\clibs.lib(sigsy.c)
0000:47ca      __restore_int23_
0000:481b      __restore_int_ctrl_break_
0000:4859      __grab_int23_
0000:48a3      __grab_int_ctrl_break_
Module: C:\WATCOM2\lib286\dos\clibs.lib(func086.asm)
0000:48e4*     __ibm_bios_equiplist_
0000:48e7      __ibm_bios_keybrd_
0000:48fc*     __ibm_bios_memsize_
0000:48ff*     __ibm_bios_printer_
0000:490a*     __ibm_bios_serialcom_
Module: C:\WATCOM2\lib286\dos\clibs.lib(putch.c)
0000:4911      putch_
Module: C:\WATCOM2\lib286\dos\clibs.lib(prtf.c)
0000:5256      __prtf_
Module: C:\WATCOM2\lib286\dos\clibs.lib(xmsg.c)
0000:545a*     __exit_with_msg_
0000:545d      __fatal_runtime_error_
Module: C:\WATCOM2\lib286\dos\clibs.lib(cmain086.c)
0000:5474      __CMain
Module: C:\WATCOM2\lib286\dos\clibs.lib(uselfn.c)
0624:0c24      ___uselfn
Module: C:\WATCOM2\lib286\dos\clibs.lib(dosseg)
0000:5482      __DOSseg__
Module: C:\WATCOM2\lib286\dos\clibs.lib(initargv.c)
0000:55e8      __Init_Argv_
0000:5619      __Fini_Argv_
Module: C:\WATCOM2\lib286\dos\clibs.lib(dosret.c)
0000:5624      __set_errno_dos_
0000:5684*     __set_errno_dos_reterr_
Module: C:\WATCOM2\lib286\dos\clibs.lib(initfile.c)
0000:568e      __InitFiles_
Module: C:\WATCOM2\lib286\dos\clibs.lib(ioexit.c)
0000:5766*     fcloseall_
0000:576b      __full_io_exit_
Module: C:\WATCOM2\lib286\dos\clibs.lib(fputc.c)
0000:5773      fputc_
Module: C:\WATCOM2\lib286\dos\clibs.lib(sgdef086)
0624:0c76      __Start_XI
0624:0c88      __End_XI
0624:0c88      __Start_YI
0624:0c9a      __End_YI
Module: C:\WATCOM2\lib286\dos\clibs.lib(opendos.c)
0000:581c      _dos_open_
Module: C:\WATCOM2\lib286\dos\clibs.lib(iomode.c)
0000:5830      __GetIOMode_
0000:5847      __SetIOMode_nogrow_
0624:0c3a      ___NFiles
0624:0c3c      ___init_mode
0624:0c64      ___io_mode
Module: C:\WATCOM2\lib286\dos\clibs.lib(isatt.c)
0000:585c      isatty_
Module: C:\WATCOM2\lib286\dos\clibs.lib(doserrno.c)
0000:5878      __get_doserrno_ptr_
0624:149c+     __doserrno
Module: C:\WATCOM2\lib286\dos\clibs.lib(umaskval.c)
0624:0c66      ___umaskval
Module: C:\WATCOM2\lib286\dos\clibs.lib(creatdos.c)
0000:587c      _dos_creat_
0000:588e*     _dos_creatnew_
Module: C:\WATCOM2\lib286\dos\clibs.lib(stiomode.c)
0000:58a0+     __grow_iomode_
0000:5927+     __shrink_iomode_
0000:5940      __SetIOMode_
Module: C:\WATCOM2\lib286\dos\clibs.lib(qwrit.c)
0000:5991      __qwrite_
Module: C:\WATCOM2\lib286\dos\clibs.lib(fsync.c)
0000:59ea      fsync_
Module: C:\WATCOM2\lib286\dos\clibs.lib(heapen.c)
0000:59ed*     _heapenable_
0624:0c68      ___heap_enabled
Module: C:\WATCOM2\lib286\dos\clibs.lib(amblksiz.c)
0624:0c6a      __amblksiz
Module: C:\WATCOM2\lib286\dos\clibs.lib(nmemneed.c)
0000:59f9      __nmemneed_
Module: C:\WATCOM2\lib286\dos\clibs.lib(grownear.c)
0000:5a62+     __LastFree_
0000:5ac9      __ExpandDGROUP_
Module: C:\WATCOM2\lib286\dos\clibs.lib(wctomb.c)
0000:5b9c      wctomb_
Module: C:\WATCOM2\lib286\dos\clibs.lib(itoa.c)
0000:5bb9+     utoa_
0000:5bfe      itoa_
Module: C:\WATCOM2\lib286\dos\clibs.lib(noefgfmt.c)
0624:0c6c      ___EFG_printf
0624:0c6e*     ___EFG_scanf
Module: C:\WATCOM2\lib286\dos\clibs.lib(lltoa.c)
0000:5c26      ulltoa_
0000:5cea*     lltoa_
Module: C:\WATCOM2\lib286\dos\clibs.lib(strupr.c)
0000:5d3d      _strupr_
Module: C:\WATCOM2\lib286\dos\clibs.lib(ltoa.c)
0000:5d5d      ultoa_
0000:5db0*     ltoa_
Module: C:\WATCOM2\lib286\dos\clibs.lib(mbisdbcs.c)
0624:0c70      ___IsDBCS
Module: C:\WATCOM2\lib286\dos\clibs.lib(mbislead.c)
0000:5dd0*     _ismbblead_
0624:14a0      ___MBCSIsTable
Module: C:\WATCOM2\lib286\dos\clibs.lib(enterdb.c)
0000:5de5      __EnterWVIDEO_
0624:0c72+     __WD_Present
Module: C:\WATCOM2\lib286\dos\clibs.lib(___argc.c)
0624:15a2      ____Argv
0624:15a4      ____Argc
Module: C:\WATCOM2\lib286\dos\clibs.lib(histsplt.c)
0624:15a6      ___historical_splitparms
Module: C:\WATCOM2\lib286\dos\clibs.lib(error086.asm)
0000:5e02      __doserror_
0000:5e0e*     __doserror1_
Module: C:\WATCOM2\lib286\dos\clibs.lib(nrealloc.c)
0000:5e18*     _nrealloc_
0000:5e18      realloc_
Module: C:\WATCOM2\lib286\dos\clibs.lib(iomodtty.c)
0000:5e84      __ChkTTYIOMode_
0000:5eb6*     __IOMode_
Module: C:\WATCOM2\lib286\dos\clibs.lib(filedos.c)
0000:5ec3*     _dos_close_
0000:5ecf      _dos_commit_
Module: C:\WATCOM2\lib286\dos\clibs.lib(sbrk.c)
0000:5edc      __brk_
0000:5f30*     sbrk_
Module: C:\WATCOM2\lib286\dos\clibs.lib(alphabet.c)
0624:0698      ___Alphabet
Module: C:\WATCOM2\lib286\dos\clibs.lib(mbinit.c)
0000:5f93      __mbinit_
0624:0c74+     ___MBCodePage
Module: C:\WATCOM2\lib286\dos\clibs.lib(nmsize.c)
0000:5ffa*     _msize_
0000:5ffa      _nmsize_
Module: C:\WATCOM2\lib286\dos\clibs.lib(nexpand.c)
0000:6009      _nexpand_
0000:6009*     _expand_
Module: C:\WATCOM2\lib286\dos\clibs.lib(getltdos.c)
0000:6054      dos_get_dbcs_lead_table_
Module: C:\WATCOM2\lib286\dos\clibs.lib(getcpdos.c)
0000:607d      dos_get_code_page_
Module: C:\WATCOM2\lib286\dos\clibs.lib(_expand.c)
0000:608d      __HeapManager_expand_
Module: C:\WATCOM2\lib286\dos\clibs.lib(bfree.c)
0000:621c      _bfree_


                        +--------------------+
                        |   Libraries Used   |
                        +--------------------+

C:\WATCOM2\lib286\dos\clibs.lib


                        +-----------------------+
                        |   Linker Statistics   |
                        +-----------------------+

Stack size:  0300 (768.)
Memory size:  7af0 (31472.)
Entry point address: 0000:3870
Link time: 00:00.20
