Open Watcom Linker Version 2.0 beta Sep  3 2024 02:05:05 (32-bit)
Copyright (c) 2002-2024 The Open Watcom Contributors. All Rights Reserved.
Portions Copyright (c) 1985-2002 Sybase, Inc. All Rights Reserved.
Created on:       25/04/17 12:38:15
Executable Image: sqmus.exe
creating a DOS executable


                        +------------+
                        |   Groups   |
                        +------------+

Group                           Address              Size
=====                           =======              ====

DGROUP                          05c1:0000            000017c0



                        +--------------+
                        |   Segments   |
                        +--------------+

Segment                Class          Group          Address         Size
=======                =====          =====          =======         ====

BEGTEXT                CODE           AUTO           0000:0000       00000007
_TEXT                  CODE           AUTO           0000:0010       00005bff
FAR_DATA               FAR_DATA       AUTO           05c0:000f       00000000
_NULL                  BEGDATA        DGROUP         05c1:0000       00000020
_AFTERNULL             BEGDATA        DGROUP         05c3:0000       00000002
CONST                  DATA           DGROUP         05c3:0002       000005ba
CONST2                 DATA           DGROUP         061e:000c       00000035
_DATA                  DATA           DGROUP         0623:0000       000005a6
XIB                    DATA           DGROUP         067d:0006       00000000
XI                     DATA           DGROUP         067d:0006       00000012
XIE                    DATA           DGROUP         067e:0008       00000000
YIB                    DATA           DGROUP         067e:0008       00000000
YI                     DATA           DGROUP         067e:0008       00000012
YIE                    DATA           DGROUP         067f:000a       00000000
DATA                   DATA           DGROUP         067f:000a       00000000
_BSS                   BSS            DGROUP         0680:0000       000008c8
STACK                  STACK          DGROUP         070d:0000       00000300


                        +----------------+
                        |   Memory Map   |
                        +----------------+

* = unreferenced symbol
+ = symbol only referenced locally

Address        Symbol
=======        ======

Module: sqmus.obj(C:\SQMUS\sqmus.c)
05c1:0bf0      _AdLibInstrumentList
05c1:0fe0+     _SB_CurrentDMABuffer
05c1:0fe4+     _SB_DMABufferEnd
05c1:0fe8+     _SB_OldInt
05c1:0fec+     _SB_DMABuffer
05c1:0ff0+     _muslocation
05c1:0ff4+     _currentsong_int_count
05c1:0ff8+     _sfxlocation
05c1:0ffc+     _SB_HaltTransferCommand
05c1:0ffe+     _SB_TotalDMABufferSize
05c1:1000+     _SB_IntController1Mask
05c1:1002+     _SB_IntController2Mask
05c1:1004+     _pcm_samplerate
05c1:1006+     _myargc
05c1:1008+     _myargv
05c1:100a+     _sfxlength_currentsample
05c1:100c+     _sfxlength
05c1:100e+     _currentsong_length
05c1:1010+     _currentsong_start_offset
05c1:1012+     _currentsong_looping
05c1:1014+     _currentsong_num_instruments
05c1:1016+     _currentsong_primary_channels
05c1:1018+     _currentsong_secondary_channels
05c1:101a+     _currentsong_play_timer
05c1:101c+     _currentsong_playing_offset
05c1:101e      _instrumentlookup
05c1:10cd+     _SB_Mixer_Status
05c1:0620      _playingdriver
05c1:0622+     _currentsong_ticks_to_process
05c1:0624      _playingstate
05c1:0626      _playingpercussMask
05c1:0628      _playingvolume
05c1:062c      _playingtime
05c1:0630+     _called
05c1:0632+     _finishplaying
05c1:0634+     _loops_enabled
05c1:0636+     _opl_valid_instruments
0000:0010*     donothing_
0000:0012+     far_fread_
0000:009c+     MUS_Parseheader_
0000:01da*     playpcspeakernote_
0000:0212*     stoppcspeaker_
0000:022e+     MUS_ServiceRoutine_
0000:03e8+     tryloaddrivertype_
0000:0510+     attemptDetectingAnyHardware_
0000:0536+     sigint_catcher_
0000:055a+     locallib_strlwr_
0000:057c+     locallib_strcmp_
0000:05ae+     locallib_toupper_
0000:05ba+     checkparm_
0000:0604+     findfilenameparm_
0000:068c+     SB_ServiceInterrupt_
0000:071c+     SB_WriteDSP_
0000:0750+     SB_ReadDSP_
0000:077e+     SB_ResetBlaster_
0000:07de+     SB_SetPlaybackRate_
0000:080a*     SB_StopPlayback_
0000:080a*     SB_SetMixMode_
0000:080c+     SB_DSP4xx_BeginPlayback_
0000:0862+     SB_DMA_VerifyChannel_
0000:0874+     DMA_SetupTransfer_
0000:09a6+     SB_SetupDMABuffer_
0000:0a1e+     SB_EnableInterrupt_
0000:0a5e+     SB_SetupPlayback_
0000:0a8e+     SB_InitCard_
0000:0b28      main_
05c1:0638+     _pc_speaker_freq_table
05c1:0738*     _next
05c1:073a*     _lastvalue
05c1:073e+     _sb_port
05c1:0740+     _sb_dma
05c1:0742+     _sb_int
05c1:0744+     _sb_irq
05c1:0746+     _sb_dma_16
05c1:0747+     _sb_dma_8
05c1:0748+     _SB_MixMode
05c1:074c+     _SB_BUFFERS
05c1:0754+     _IRQ_TO_INTERRUPT_MAP
05c1:0764+     _DMA_PortInfo
05c1:10ce+     _playingpcmsfx
05c1:10cf*     _playingpcspeakersfx
Module: sqmusopl.obj(C:\SQMUS\sqmusopl.c)
0000:0f50+     OPLwriteReg_
0000:0f8c+     OPLwriteChannel_
0000:0fc4*     OPLwriteValue_
0000:0fe2+     OPLwriteFreq_
0000:1034+     OPLconvertVolume_
0000:1054*     OPLpanVolume_
0000:107c+     OPLwriteVolume_
0000:10d0+     OPLwritePan_
0000:1104+     OPLwriteInstrument_
0000:1188*     OPLinit_
0000:11b6+     OPLshutup_
0000:1238+     OPLdeinit_
0000:1270+     OPL2detect_
0000:1270      OPL2detectHardware_
0000:12f2*     OPL3detect_
0000:12f2      OPL3detectHardware_
0000:130e+     writeFrequency_
0000:13a8+     writeModulation_
0000:13ee+     calcVolumeOPL_
0000:1408+     occupyChannel_
0000:1578+     releaseChannel_
0000:15e2+     releaseSustain_
0000:1620+     findFreeChannel_
0000:1714+     getInstrument_
0000:178a+     OPLplayNote_
0000:186a+     OPLreleaseNote_
0000:18d4+     OPLpitchWheel_
0000:196e+     OPLchangeControl_
0000:1b02+     OPLplayMusic_
0000:1b20+     OPLstopMusic_
0000:1b58+     OPLchangeSystemVolume_
0000:1bca+     OPLinitDriver_
0000:1c0e+     OPL2initHardware_
0000:1c16+     OPL3initHardware_
0000:1c20+     OPL3deinitHardware_
0000:1c20+     OPL2deinitHardware_
05c1:077c+     _OPLport
05c1:077e+     _OPLchannels
05c1:077f+     _OPL3mode
05c1:0780+     _op_num
05c1:07a4+     _reg_num
05c1:07c8+     _noteVolumetable
05c1:0848      _OPL2driver
05c1:0863      _OPL3driver
05c1:087e+     _OPLsinglevoice
05c1:0880+     _freqtable
05c1:088e+     _freqtable2
05c1:08a6+     _pitchwheeltable
05c1:10d0+     _OPL2driverdata
05c1:1140+     _channels
Module: sqmusmpu.obj(C:\SQMUS\sqmusmpu.c)
0000:1c30+     MPU401sendByte_
0000:1c7e*     MPU401sendBlock_
0000:1cc8*     MPU401reset_
0000:1cd8+     MPU401deinitHardware_
0000:1cde+     MPU401sendMIDI_
0000:1d22      MPU401detectHardware_
0000:1d34+     MPU401initHardware_
0000:1d44+     MPU401sendCommand_
05c1:09a8+     _MPU401port
05c1:09aa      _runningStatus
05c1:09ab      _MPU401driver
Module: sqmusmid.obj(C:\SQMUS\sqmusmid.c)
0000:1d80*     calcVolume_
0000:1d90+     stopChannel_
0000:1dbe+     findFreeMIDIChannel_
0000:1e6a+     updateControllers_
0000:1f46+     sendSystemVolume_
0000:1f9c      MIDIplayNote_
0000:2068      MIDIreleaseNote_
0000:20ce      MIDIpitchWheel_
0000:213c      MIDIchangeControl_
0000:2204      MIDIplayMusic_
0000:2292      MIDIstopMusic_
0000:230c      MIDIchangeSystemVolume_
0000:2318      MIDIinitDriver_
05c1:05dc+     _MUS2MIDIctrl
05c1:1240+     _mididriverData
05c1:1320+     _MIDItime
05c1:1360+     _MIDIchannels
05c1:1370*     _percussMask
Module: sqmussbm.obj(C:\SQMUS\sqmussbm.c)
0000:2350+     SBMIDIsendByte_
0000:23a2*     SBMIDIsendBlock_
0000:23c2+     SBMIDIsendMIDI_
0000:2400      SBMIDIdetectHardware_
0000:2408+     SBMIDIinitHardware_
0000:240c+     SBMIDIdeinitHardware_
05c1:09c6+     _SBMIDIport
05c1:09c8      _SBMIDIdriver
Module: dmx.obj(C:\SQMUS\dmx.c)
0000:2420*     TS_FreeTaskList_
0000:2422+     TS_SetClockSpeed_
0000:246c+     TS_SetTimer_
0000:24a0*     TS_SetTimerToMaxTaskRate_
0000:24ae+     TS_ServiceScheduleIntEnabled_
0000:256a      TS_Startup_
0000:25ae      TS_ScheduleTask_
0000:25d2      TS_Dispatch_
0000:25dc      TS_Shutdown_
05c1:09f0+     _TaskServiceRate
05c1:09f4+     _TS_Installed
05c1:09f5+     _TS_InInterrupt
05c1:1380+     _OldInt8
05c1:1384+     _TaskServiceCount
05c1:1388+     _TS_TimesInInterrupt
05c1:138a+     _HeadTask
Module: C:\WATCOM2\lib286\dos\clibs.lib(fread.c)
0000:2608      fread_
Module: C:\WATCOM2\lib286\dos\clibs.lib(printf.c)
0000:27a3      printf_
Module: C:\WATCOM2\lib286\dos\clibs.lib(exit.c)
0000:27b8      __null_int23_exit_
0000:27b9      exit_
0000:27d5*     _exit_
05c1:09f6      ___int23_exit
05c1:09f8+     ___FPE_handler_exit
Module: C:\WATCOM2\lib286\dos\clibs.lib(chainint)
0000:27e4      _chain_intr_
Module: C:\WATCOM2\lib286\dos\clibs.lib(d_getvec.c)
0000:2804      _dos_getvect_
Module: C:\WATCOM2\lib286\dos\clibs.lib(d_setvec.c)
0000:280f      _dos_setvect_
Module: C:\WATCOM2\lib286\dos\clibs.lib(fopen.c)
0000:281c+     __open_flags_
0000:29bc+     _fsopen_
0000:29fe      fopen_
0000:2a5d*     freopen_
Module: C:\WATCOM2\lib286\dos\clibs.lib(fseek.c)
0000:2af4      fseek_
Module: C:\WATCOM2\lib286\dos\clibs.lib(ftell.c)
0000:2c05      ftell_
Module: C:\WATCOM2\lib286\dos\clibs.lib(fmalloc.c)
0000:2c53      _fmalloc_
05c1:09fa+     ___fheapbeg
05c1:09fc      ___fheapRover
05c1:09fe      ___LargestSizeB4Rover
Module: C:\WATCOM2\lib286\dos\clibs.lib(fclose.c)
0000:2d35      __doclose_
0000:2dc3      __shutdown_stream_
0000:2dd4      fclose_
05c1:1398+     ___RmTmpFileFn
Module: C:\WATCOM2\lib286\dos\clibs.lib(signl.c)
0000:2e4d+     __sigfpe_handler_
0000:2e75      signal_
0000:2f02      raise_
Module: C:\WATCOM2\lib286\dos\clibs.lib(bioskeyb.c)
0000:2f95      _bios_keybrd_
Module: C:\WATCOM2\lib286\dos\clibs.lib(ffree.c)
0000:2f98      _ffree_
Module: C:\WATCOM2\lib286\dos\clibs.lib(i4d.asm)
0000:2fd4      __I4D
0000:301d      __U4D
Module: C:\WATCOM2\lib286\dos\clibs.lib(i4m.asm)
0000:30a2*     __I4M
0000:30a2      __U4M
Module: C:\WATCOM2\lib286\dos\clibs.lib(cprintf.c)
0000:30cf*     vcprintf_
0000:30e0      cprintf_
Module: C:\WATCOM2\lib286\dos\clibs.lib(cstart)
0000:0003*     ___begtext
05c1:0000*     __nullarea
0000:30fa      _cstart_
0000:32a4      __exit_
0000:32c1      __do_exit_with_msg_
0000:3387      __GETDS
Module: C:\WATCOM2\lib286\dos\clibs.lib(cmodel.asm)
0000:3392      _small_code_
0000:3392*     CodeModelMismatch
Module: C:\WATCOM2\lib286\dos\clibs.lib(argcv.c)
05c1:139a      __argc
05c1:139c      __argv
05c1:139e      ___argc
05c1:13a0      ___argv
Module: C:\WATCOM2\lib286\dos\clibs.lib(qread.c)
0000:3392      __qread_
Module: C:\WATCOM2\lib286\dos\clibs.lib(errno.c)
0000:33a8      __get_errno_ptr_
05c1:13a2+     _errno
Module: C:\WATCOM2\lib286\dos\clibs.lib(ioalloc.c)
0000:33ac      __ioalloc_
Module: C:\WATCOM2\lib286\dos\clibs.lib(fgetc.c)
0000:3418      __fill_buffer_
0000:34cd*     fgetc_
Module: C:\WATCOM2\lib286\dos\clibs.lib(iob.c)
05c1:0a1e      ___iob
05c1:13a4      ___OpenStreams
05c1:13a6      ___ClosedStreams
Module: C:\WATCOM2\lib286\dos\clibs.lib(fprtf.c)
0000:3560      __fprtf_
Module: C:\WATCOM2\lib286\dos\clibs.lib(initrtns.c)
0000:3629*     __FInitRtns
0000:362d      __InitRtns
0000:3684*     __FFiniRtns
0000:3688      __FiniRtns
Module: C:\WATCOM2\lib286\dos\clibs.lib(comtflag.c)
0000:36e6*     __set_commode_
05c1:0b36      __commode
Module: C:\WATCOM2\lib286\dos\clibs.lib(textmode.c)
05c1:0b38      __fmode
Module: C:\WATCOM2\lib286\dos\clibs.lib(tolower.c)
0000:36ed      tolower_
Module: C:\WATCOM2\lib286\dos\clibs.lib(open.c)
0000:38a9*     open_
0000:38c8      _sopen_
Module: C:\WATCOM2\lib286\dos\clibs.lib(chktty.c)
0000:38e2      __chktty_
Module: C:\WATCOM2\lib286\dos\clibs.lib(freefp.c)
0000:3907      __freefp_
0000:392b      __purgefp_
Module: C:\WATCOM2\lib286\dos\clibs.lib(allocfp.c)
0000:3942      __allocfp_
Module: C:\WATCOM2\lib286\dos\clibs.lib(lseek.c)
0000:39ce      lseek_
Module: C:\WATCOM2\lib286\dos\clibs.lib(flush.c)
0000:39f9      __flush_
Module: C:\WATCOM2\lib286\dos\clibs.lib(tell.c)
0000:3ae5      _tell_
Module: C:\WATCOM2\lib286\dos\clibs.lib(fflush.c)
0000:3af4      fflush_
Module: C:\WATCOM2\lib286\dos\clibs.lib(mem.c)
0000:3b10      __MemAllocator
0000:3bd8      __MemFree
Module: C:\WATCOM2\lib286\dos\clibs.lib(growseg.c)
0000:3d52      __GrowSeg_
Module: C:\WATCOM2\lib286\dos\clibs.lib(allocseg.c)
0000:3e26      __AllocSeg_
Module: C:\WATCOM2\lib286\dos\clibs.lib(fmemneed.c)
0000:3ed0      __fmemneed_
Module: C:\WATCOM2\lib286\dos\clibs.lib(nmalloc.c)
0000:3ed3      _nmalloc_
0000:3ed3      malloc_
05c1:0b3a      ___nheapbeg
05c1:0b3c      ___MiniHeapRover
05c1:0b3e      ___LargestSizeB4MiniHeapRover
Module: C:\WATCOM2\lib286\dos\clibs.lib(__lseek.c)
0000:3f8c      __lseek_
Module: C:\WATCOM2\lib286\dos\clibs.lib(_clse.c)
0000:3fc4      __close_
Module: C:\WATCOM2\lib286\dos\clibs.lib(nfree.c)
0000:3ff6      _nfree_
0000:3ff6      free_
05c1:13a8+     ___MiniHeapFreeRover
Module: C:\WATCOM2\lib286\dos\clibs.lib(crwdata)
05c1:0b40      __curbrk
05c1:0b48      __STACKLOW
05c1:0b4a      __STACKTOP
05c1:0b4c      __cbyte
05c1:0b4e      __child
05c1:0b50      __no87
05c1:0b5d      ___FPE_handler
05c1:0b42      __psp
05c1:0b51      __get_ovl_stack
05c1:0b55      __restore_ovl_stack
05c1:0b59      __close_ovl_file
05c1:0b61      __LpCmdLine
05c1:0b65      __LpPgmName
05c1:0b44      __osmajor
05c1:0b45      __osminor
05c1:0b46      __osmode
05c1:0b47      __HShift
Module: C:\WATCOM2\lib286\dos\clibs.lib(abort.c)
0000:40ba*     abort_
0000:40c5      __terminate_
05c1:0b6a      ___abort
Module: C:\WATCOM2\lib286\dos\clibs.lib(sigsy.c)
0000:4150      __restore_int23_
0000:41a1      __restore_int_ctrl_break_
0000:41df      __grab_int23_
0000:4229      __grab_int_ctrl_break_
Module: C:\WATCOM2\lib286\dos\clibs.lib(func086.asm)
0000:426a*     __ibm_bios_equiplist_
0000:426d      __ibm_bios_keybrd_
0000:4282*     __ibm_bios_memsize_
0000:4285*     __ibm_bios_printer_
0000:4290*     __ibm_bios_serialcom_
Module: C:\WATCOM2\lib286\dos\clibs.lib(putch.c)
0000:4297      putch_
Module: C:\WATCOM2\lib286\dos\clibs.lib(prtf.c)
0000:4bdc      __prtf_
Module: C:\WATCOM2\lib286\dos\clibs.lib(xmsg.c)
0000:4de0*     __exit_with_msg_
0000:4de3      __fatal_runtime_error_
Module: C:\WATCOM2\lib286\dos\clibs.lib(cmain086.c)
0000:4dfa      __CMain
Module: C:\WATCOM2\lib286\dos\clibs.lib(uselfn.c)
05c1:0b74      ___uselfn
Module: C:\WATCOM2\lib286\dos\clibs.lib(dosseg)
0000:4e08      __DOSseg__
Module: C:\WATCOM2\lib286\dos\clibs.lib(initargv.c)
0000:4f6e      __Init_Argv_
0000:4f9f      __Fini_Argv_
Module: C:\WATCOM2\lib286\dos\clibs.lib(dosret.c)
0000:4faa      __set_errno_dos_
0000:500a*     __set_errno_dos_reterr_
Module: C:\WATCOM2\lib286\dos\clibs.lib(flushall.c)
0000:5014      __flushall_
0000:5045      flushall_
Module: C:\WATCOM2\lib286\dos\clibs.lib(gtche.c)
0000:504a      getche_
Module: C:\WATCOM2\lib286\dos\clibs.lib(initfile.c)
0000:505f      __InitFiles_
Module: C:\WATCOM2\lib286\dos\clibs.lib(ioexit.c)
0000:5137*     fcloseall_
0000:513c      __full_io_exit_
Module: C:\WATCOM2\lib286\dos\clibs.lib(fputc.c)
0000:5144      fputc_
Module: C:\WATCOM2\lib286\dos\clibs.lib(sgdef086)
05c1:0bc6      __Start_XI
05c1:0bd8      __End_XI
05c1:0bd8      __Start_YI
05c1:0bea      __End_YI
Module: C:\WATCOM2\lib286\dos\clibs.lib(opendos.c)
0000:51ee      _dos_open_
Module: C:\WATCOM2\lib286\dos\clibs.lib(iomode.c)
0000:5202      __GetIOMode_
0000:5219      __SetIOMode_nogrow_
05c1:0b8a      ___NFiles
05c1:0b8c      ___init_mode
05c1:0bb4      ___io_mode
Module: C:\WATCOM2\lib286\dos\clibs.lib(isatt.c)
0000:522e      isatty_
Module: C:\WATCOM2\lib286\dos\clibs.lib(doserrno.c)
0000:524a      __get_doserrno_ptr_
05c1:13ac+     __doserrno
Module: C:\WATCOM2\lib286\dos\clibs.lib(umaskval.c)
05c1:0bb6      ___umaskval
Module: C:\WATCOM2\lib286\dos\clibs.lib(creatdos.c)
0000:524e      _dos_creat_
0000:5260*     _dos_creatnew_
Module: C:\WATCOM2\lib286\dos\clibs.lib(stiomode.c)
0000:5272+     __grow_iomode_
0000:52f9+     __shrink_iomode_
0000:5312      __SetIOMode_
Module: C:\WATCOM2\lib286\dos\clibs.lib(qwrit.c)
0000:5363      __qwrite_
Module: C:\WATCOM2\lib286\dos\clibs.lib(fsync.c)
0000:53bc      fsync_
Module: C:\WATCOM2\lib286\dos\clibs.lib(heapen.c)
0000:53bf*     _heapenable_
05c1:0bb8      ___heap_enabled
Module: C:\WATCOM2\lib286\dos\clibs.lib(amblksiz.c)
05c1:0bba      __amblksiz
Module: C:\WATCOM2\lib286\dos\clibs.lib(nmemneed.c)
0000:53cb      __nmemneed_
Module: C:\WATCOM2\lib286\dos\clibs.lib(grownear.c)
0000:5434+     __LastFree_
0000:549b      __ExpandDGROUP_
Module: C:\WATCOM2\lib286\dos\clibs.lib(wctomb.c)
0000:556e      wctomb_
Module: C:\WATCOM2\lib286\dos\clibs.lib(itoa.c)
0000:558b+     utoa_
0000:55d0      itoa_
Module: C:\WATCOM2\lib286\dos\clibs.lib(noefgfmt.c)
05c1:0bbc      ___EFG_printf
05c1:0bbe*     ___EFG_scanf
Module: C:\WATCOM2\lib286\dos\clibs.lib(lltoa.c)
0000:55f8      ulltoa_
0000:56bc*     lltoa_
Module: C:\WATCOM2\lib286\dos\clibs.lib(strupr.c)
0000:570f      _strupr_
Module: C:\WATCOM2\lib286\dos\clibs.lib(ltoa.c)
0000:572f      ultoa_
0000:5782*     ltoa_
Module: C:\WATCOM2\lib286\dos\clibs.lib(mbisdbcs.c)
05c1:0bc0      ___IsDBCS
Module: C:\WATCOM2\lib286\dos\clibs.lib(mbislead.c)
0000:57a2*     _ismbblead_
05c1:13b0      ___MBCSIsTable
Module: C:\WATCOM2\lib286\dos\clibs.lib(enterdb.c)
0000:57b7      __EnterWVIDEO_
05c1:0bc2+     __WD_Present
Module: C:\WATCOM2\lib286\dos\clibs.lib(___argc.c)
05c1:14b2      ____Argv
05c1:14b4      ____Argc
Module: C:\WATCOM2\lib286\dos\clibs.lib(histsplt.c)
05c1:14b6      ___historical_splitparms
Module: C:\WATCOM2\lib286\dos\clibs.lib(error086.asm)
0000:57d4      __doserror_
0000:57e0*     __doserror1_
Module: C:\WATCOM2\lib286\dos\clibs.lib(nrealloc.c)
0000:57ea*     _nrealloc_
0000:57ea      realloc_
Module: C:\WATCOM2\lib286\dos\clibs.lib(iomodtty.c)
0000:5856      __ChkTTYIOMode_
0000:5888*     __IOMode_
Module: C:\WATCOM2\lib286\dos\clibs.lib(filedos.c)
0000:5895*     _dos_close_
0000:58a1      _dos_commit_
Module: C:\WATCOM2\lib286\dos\clibs.lib(sbrk.c)
0000:58ae      __brk_
0000:5902*     sbrk_
Module: C:\WATCOM2\lib286\dos\clibs.lib(alphabet.c)
05c1:05ec      ___Alphabet
Module: C:\WATCOM2\lib286\dos\clibs.lib(mbinit.c)
0000:5965      __mbinit_
05c1:0bc4+     ___MBCodePage
Module: C:\WATCOM2\lib286\dos\clibs.lib(nmsize.c)
0000:59cc*     _msize_
0000:59cc      _nmsize_
Module: C:\WATCOM2\lib286\dos\clibs.lib(nexpand.c)
0000:59db      _nexpand_
0000:59db*     _expand_
Module: C:\WATCOM2\lib286\dos\clibs.lib(getltdos.c)
0000:5a26      dos_get_dbcs_lead_table_
Module: C:\WATCOM2\lib286\dos\clibs.lib(getcpdos.c)
0000:5a4f      dos_get_code_page_
Module: C:\WATCOM2\lib286\dos\clibs.lib(_expand.c)
0000:5a5f      __HeapManager_expand_
Module: C:\WATCOM2\lib286\dos\clibs.lib(bfree.c)
0000:5bee      _bfree_


                        +--------------------+
                        |   Libraries Used   |
                        +--------------------+

C:\WATCOM2\lib286\dos\clibs.lib


                        +-----------------------+
                        |   Linker Statistics   |
                        +-----------------------+

Stack size:  0300 (768.)
Memory size:  73d0 (29648.)
Entry point address: 0000:30fa
Link time: 00:00.20
