Open Watcom Linker Version 2.0 beta Sep  3 2024 02:05:05 (32-bit)
Copyright (c) 2002-2024 The Open Watcom Contributors. All Rights Reserved.
Portions Copyright (c) 1985-2002 Sybase, Inc. All Rights Reserved.
Created on:       25/02/06 18:46:49
Executable Image: test.exe
creating a DOS executable


                        +------------+
                        |   Groups   |
                        +------------+

Group                           Address              Size
=====                           =======              ====

DGROUP                          04ad:0000            00002b40



                        +--------------+
                        |   Segments   |
                        +--------------+

Segment                Class          Group          Address         Size
=======                =====          =====          =======         ====

test_TEXT              CODE           AUTO           0000:0000       000006cb
sqmus_TEXT             CODE           AUTO           0000:06d0       00000d66
dmx_TEXT               CODE           AUTO           0000:1440       000001fd
_TEXT                  CODE           AUTO           0000:1640       0000348a
FAR_DATA               FAR_DATA       AUTO           04ac:000a       00000000
_NULL                  BEGDATA        DGROUP         04ad:0000       00000020
_AFTERNULL             BEGDATA        DGROUP         04af:0000       00000002
CONST                  DATA           DGROUP         04af:0002       0000045a
CONST2                 DATA           DGROUP         04f4:000c       00000025
_DATA                  DATA           DGROUP         04f8:0000       0000124a
XIB                    DATA           DGROUP         061c:000a       00000000
XI                     DATA           DGROUP         061c:000a       0000000c
XIE                    DATA           DGROUP         061d:0006       00000000
YIB                    DATA           DGROUP         061d:0006       00000000
YI                     DATA           DGROUP         061d:0006       0000000c
YIE                    DATA           DGROUP         061e:0002       00000000
DATA                   DATA           DGROUP         061e:0002       00000000
_BSS                   BSS            DGROUP         061f:0000       00000420
STACK                  STACK          DGROUP         0661:0000       00001000


                        +----------------+
                        |   Memory Map   |
                        +----------------+

* = unreferenced symbol
+ = symbol only referenced locally

Address        Symbol
=======        ======

Module: test.obj(C:\SQMUS\test.c)
04ad:1720*     _sregs
04ad:1728+     _currentsong_int_count
04ad:172c*     _regs
04ad:173a+     _currentsong_length
04ad:173c+     _currentsong_start_offset
04ad:173e+     _currentsong_num_instruments
04ad:1740+     _currentsong_primary_channels
04ad:1742+     _currentsong_secondary_channels
04ad:1744+     _currentsong_play_timer
04ad:1746+     _currentsong_playing_offset
0000:0000*     donothing_
0000:0002+     far_fread_
0000:008e+     MUS_Parseheader_
0000:0182+     MUS_ProcessControllerEvent_
0000:02c2+     MUS_ServiceRoutine_
0000:04dc+     sigint_catcher_
0000:04ec      main_
04ad:04b0+     _currentsong_ticks_to_process
04ad:04b4+     _called
04ad:04b6+     _finishplaying
04ad:174a+     _currentsong_looping
Module: sqmus.obj(C:\SQMUS\sqmus.c)
0000:06d0+     AL_Remove_
0000:0708+     AL_AddToTail_
0000:0730+     AL_AllocVoice_
0000:077e+     AL_GetVoice_
0000:07ac+     AL_SendOutput_
0000:07c2+     AL_SendOutputToPort_
0000:07ee+     AL_SetVoicePan_
0000:0878+     AL_SetVoicePitch_
0000:09e6+     AL_SetVoiceVolume_
0000:0b9e+     AL_SetVoiceTimbre_
0000:0da6      AL_SetPitchBend_
0000:0e30      AL_NoteOff_
0000:0ee6      AL_NoteOn_
0000:100a      AL_AllNotesOff_
0000:103c      AL_SetChannelVolume_
0000:1074      AL_SetChannelPan_
0000:10a6      AL_SetChannelDetune_
0000:10be      AL_ProgramChange_
0000:10dc      AL_ResetVoices_
0000:11ac+     AL_FlushCard_
0000:12b4*     AL_StereoOn_
0000:12cc*     AL_StereoOff_
0000:12e2      AL_Reset_
0000:1322*     AL_InitSynth_
0000:1322      AL_Init_
0000:13ac      AL_Detect_
04ad:07fa+     _ADLIB_TimbreBank
04ad:14fa+     _MAX_MUS_CHANNEL
04ad:14fb+     _AdLibStereoOn
04ad:14fc+     _adlib_device
04ad:174c+     _AdLibChannels
04ad:187c+     _Voice_Pool
04ad:1880+     _AdLibVoiceLevels
04ad:18a4+     _AdLibVoiceKsls
04ad:18c8+     _AdLibVoiceReserved
04ad:18da+     _AdLibVoices
Module: dmx.obj(C:\SQMUS\dmx.c)
0000:1440*     TS_FreeTaskList_
0000:1442+     TS_SetClockSpeed_
0000:148c+     TS_SetTimer_
0000:14c4*     TS_SetTimerToMaxTaskRate_
0000:14d4+     TS_ServiceScheduleIntEnabled_
0000:1592      TS_Startup_
0000:15da      TS_ScheduleTask_
0000:1604      TS_Dispatch_
0000:160e      TS_Shutdown_
04ad:1500+     _TaskServiceRate
04ad:1504+     _TS_Installed
04ad:1505+     _TS_InInterrupt
04ad:1a10+     _OldInt8
04ad:1a14+     _TaskServiceCount
04ad:1a18+     _TS_TimesInInterrupt
04ad:1a1a+     _HeadTask
Module: C:\WATCOM2\lib286\dos\clibm.lib(fread.c)
0000:1640      fread_
Module: C:\WATCOM2\lib286\dos\clibm.lib(printf.c)
0000:17e7      printf_
Module: C:\WATCOM2\lib286\dos\clibm.lib(exit.c)
0000:17fe      __null_int23_exit_
0000:17ff      exit_
0000:181f*     _exit_
04ad:1506      ___int23_exit
04ad:150a+     ___FPE_handler_exit
Module: C:\WATCOM2\lib286\dos\clibm.lib(fopen.c)
0000:182d+     __open_flags_
0000:19db+     _fsopen_
0000:1a20      fopen_
0000:1a84*     freopen_
Module: C:\WATCOM2\lib286\dos\clibm.lib(fseek.c)
0000:1b1c      fseek_
Module: C:\WATCOM2\lib286\dos\clibm.lib(ftell.c)
0000:1c3a      ftell_
Module: C:\WATCOM2\lib286\dos\clibm.lib(fclose.c)
0000:1c8c      __doclose_
0000:1d22      __shutdown_stream_
0000:1d36      fclose_
04ad:1a2a+     ___RmTmpFileFn
Module: C:\WATCOM2\lib286\dos\clibm.lib(signl.c)
0000:1db0+     __sigfpe_handler_
0000:1dfe      signal_
0000:1ec1      raise_
Module: C:\WATCOM2\lib286\dos\clibm.lib(kbhit.c)
0000:1fcf      kbhit_
Module: C:\WATCOM2\lib286\dos\clibm.lib(i4d.asm)
0000:1fe6      __I4D
0000:2035      __U4D
Module: C:\WATCOM2\lib286\dos\clibm.lib(i4m.asm)
0000:20ba*     __I4M
0000:20ba      __U4M
Module: C:\WATCOM2\lib286\dos\clibm.lib(cprintf.c)
0000:20e9*     vcprintf_
0000:20ff      cprintf_
Module: C:\WATCOM2\lib286\dos\clibm.lib(cstart)
04ad:0000*     __nullarea
04ad:1546*     __ovlflag
04ad:1547*     __intno
04ad:1548*     __ovlvec
0000:211e      _cstart_
0000:22cf      __exit_
0000:22ec      __do_exit_with_msg_
0000:23cb      __GETDS
Module: C:\WATCOM2\lib286\dos\clibm.lib(cmodel.asm)
0000:23d6      _big_code_
0000:23d6*     CodeModelMismatch
Module: C:\WATCOM2\lib286\dos\clibm.lib(chainint)
0000:23d6      _chain_intr_
Module: C:\WATCOM2\lib286\dos\clibm.lib(d_getvec.c)
0000:23f6      _dos_getvect_
Module: C:\WATCOM2\lib286\dos\clibm.lib(d_setvec.c)
0000:2401      _dos_setvect_
Module: C:\WATCOM2\lib286\dos\clibm.lib(qread.c)
0000:240e      __qread_
Module: C:\WATCOM2\lib286\dos\clibm.lib(errno.c)
0000:2426      __get_errno_ptr_
04ad:1a2e+     _errno
Module: C:\WATCOM2\lib286\dos\clibm.lib(ioalloc.c)
0000:242a      __ioalloc_
Module: C:\WATCOM2\lib286\dos\clibm.lib(fgetc.c)
0000:249a      __fill_buffer_
0000:2558*     fgetc_
Module: C:\WATCOM2\lib286\dos\clibm.lib(iob.c)
04ad:154c      ___iob
04ad:1a30      ___OpenStreams
04ad:1a32      ___ClosedStreams
Module: C:\WATCOM2\lib286\dos\clibm.lib(fprtf.c)
0000:25ef      __fprtf_
Module: C:\WATCOM2\lib286\dos\clibm.lib(initrtns.c)
0000:26bc      __InitRtns
0000:26bc*     __FInitRtns
0000:2713      __FiniRtns
0000:2713*     __FFiniRtns
Module: C:\WATCOM2\lib286\dos\clibm.lib(comtflag.c)
0000:2771*     __set_commode_
04ad:1664      __commode
Module: C:\WATCOM2\lib286\dos\clibm.lib(textmode.c)
04ad:1666      __fmode
Module: C:\WATCOM2\lib286\dos\clibm.lib(tolower.c)
0000:2778      tolower_
Module: C:\WATCOM2\lib286\dos\clibm.lib(open.c)
0000:2950*     open_
0000:2970      _sopen_
Module: C:\WATCOM2\lib286\dos\clibm.lib(chktty.c)
0000:298a      __chktty_
Module: C:\WATCOM2\lib286\dos\clibm.lib(freefp.c)
0000:29b1      __freefp_
0000:29d5      __purgefp_
Module: C:\WATCOM2\lib286\dos\clibm.lib(allocfp.c)
0000:29ee      __allocfp_
Module: C:\WATCOM2\lib286\dos\clibm.lib(lseek.c)
0000:2a80      lseek_
Module: C:\WATCOM2\lib286\dos\clibm.lib(flush.c)
0000:2ab1      __flush_
Module: C:\WATCOM2\lib286\dos\clibm.lib(tell.c)
0000:2ba5      _tell_
Module: C:\WATCOM2\lib286\dos\clibm.lib(fflush.c)
0000:2bb6      fflush_
Module: C:\WATCOM2\lib286\dos\clibm.lib(__lseek.c)
0000:2bc7      __lseek_
Module: C:\WATCOM2\lib286\dos\clibm.lib(_clse.c)
0000:2c01      __close_
Module: C:\WATCOM2\lib286\dos\clibm.lib(nfree.c)
0000:2c37      _nfree_
0000:2c37      free_
04ad:1a34+     ___MiniHeapFreeRover
Module: C:\WATCOM2\lib286\dos\clibm.lib(crwdata)
04ad:1668      __curbrk
04ad:1670      __STACKLOW
04ad:1672      __STACKTOP
04ad:1674      __cbyte
04ad:1676      __child
04ad:1678      __no87
04ad:1685      ___FPE_handler
04ad:166a      __psp
04ad:1679      __get_ovl_stack
04ad:167d      __restore_ovl_stack
04ad:1681      __close_ovl_file
04ad:1689      __LpCmdLine
04ad:168d      __LpPgmName
04ad:166c      __osmajor
04ad:166d      __osminor
04ad:166e      __osmode
04ad:166f      __HShift
Module: C:\WATCOM2\lib286\dos\clibm.lib(abort.c)
0000:2cfc*     abort_
0000:2d0f      __terminate_
04ad:1692      ___abort
Module: C:\WATCOM2\lib286\dos\clibm.lib(sigsy.c)
0000:2dbf      __restore_int23_
0000:2e38      __restore_int_ctrl_break_
0000:2e91      __grab_int23_
0000:2efb      __grab_int_ctrl_break_
Module: C:\WATCOM2\lib286\dos\clibm.lib(putch.c)
0000:2f55      putch_
Module: C:\WATCOM2\lib286\dos\clibm.lib(prtf.c)
0000:38b8      __prtf_
Module: C:\WATCOM2\lib286\dos\clibm.lib(xmsg.c)
0000:3ac1*     __exit_with_msg_
0000:3ac6      __fatal_runtime_error_
Module: C:\WATCOM2\lib286\dos\clibm.lib(cmain086.c)
0000:3ae0      __CMain
Module: C:\WATCOM2\lib286\dos\clibm.lib(uselfn.c)
04ad:169e      ___uselfn
Module: C:\WATCOM2\lib286\dos\clibm.lib(dosseg)
0000:3af6      __DOSseg__
Module: C:\WATCOM2\lib286\dos\clibm.lib(dosret.c)
0000:3af7      __set_errno_dos_
0000:3b5b*     __set_errno_dos_reterr_
Module: C:\WATCOM2\lib286\dos\clibm.lib(nmalloc.c)
0000:3b66      _nmalloc_
0000:3b66      malloc_
04ad:16b4      ___nheapbeg
04ad:16b6      ___MiniHeapRover
04ad:16b8      ___LargestSizeB4MiniHeapRover
Module: C:\WATCOM2\lib286\dos\clibm.lib(flushall.c)
0000:3c25      __flushall_
0000:3c58      flushall_
Module: C:\WATCOM2\lib286\dos\clibm.lib(gtche.c)
0000:3c5d      getche_
Module: C:\WATCOM2\lib286\dos\clibm.lib(initfile.c)
0000:3c72      __InitFiles_
Module: C:\WATCOM2\lib286\dos\clibm.lib(ioexit.c)
0000:3d52*     fcloseall_
0000:3d59      __full_io_exit_
Module: C:\WATCOM2\lib286\dos\clibm.lib(fputc.c)
0000:3d63      fputc_
Module: C:\WATCOM2\lib286\dos\clibm.lib(sgdef086)
04ad:16fa      __Start_XI
04ad:1706      __End_XI
04ad:1706      __Start_YI
04ad:1712      __End_YI
Module: C:\WATCOM2\lib286\dos\clibm.lib(opendos.c)
0000:3e14      _dos_open_
Module: C:\WATCOM2\lib286\dos\clibm.lib(iomode.c)
0000:3e2a      __GetIOMode_
0000:3e41      __SetIOMode_nogrow_
04ad:16ba      ___NFiles
04ad:16bc      ___init_mode
04ad:16e4      ___io_mode
Module: C:\WATCOM2\lib286\dos\clibm.lib(isatt.c)
0000:3e56      isatty_
Module: C:\WATCOM2\lib286\dos\clibm.lib(doserrno.c)
0000:3e72      __get_doserrno_ptr_
04ad:1a36+     __doserrno
Module: C:\WATCOM2\lib286\dos\clibm.lib(umaskval.c)
04ad:16e6      ___umaskval
Module: C:\WATCOM2\lib286\dos\clibm.lib(creatdos.c)
0000:3e76      _dos_creat_
0000:3e8a*     _dos_creatnew_
Module: C:\WATCOM2\lib286\dos\clibm.lib(stiomode.c)
0000:3e9e+     __grow_iomode_
0000:3f2b+     __shrink_iomode_
0000:3f46      __SetIOMode_
Module: C:\WATCOM2\lib286\dos\clibm.lib(qwrit.c)
0000:3f9a      __qwrite_
Module: C:\WATCOM2\lib286\dos\clibm.lib(fsync.c)
0000:3ff9      fsync_
Module: C:\WATCOM2\lib286\dos\clibm.lib(mem.c)
0000:4000      __MemAllocator
0000:40c8      __MemFree
Module: C:\WATCOM2\lib286\dos\clibm.lib(wctomb.c)
0000:4242      wctomb_
Module: C:\WATCOM2\lib286\dos\clibm.lib(itoa.c)
0000:425f+     utoa_
0000:42a4      itoa_
Module: C:\WATCOM2\lib286\dos\clibm.lib(noefgfmt.c)
04ad:16e8      ___EFG_printf
04ad:16ec*     ___EFG_scanf
Module: C:\WATCOM2\lib286\dos\clibm.lib(lltoa.c)
0000:42cf      ulltoa_
0000:4393*     lltoa_
Module: C:\WATCOM2\lib286\dos\clibm.lib(strupr.c)
0000:43e7      _strupr_
Module: C:\WATCOM2\lib286\dos\clibm.lib(ltoa.c)
0000:4407      ultoa_
0000:445a*     ltoa_
Module: C:\WATCOM2\lib286\dos\clibm.lib(mbisdbcs.c)
04ad:16f0      ___IsDBCS
Module: C:\WATCOM2\lib286\dos\clibm.lib(mbislead.c)
0000:447b*     _ismbblead_
04ad:1a3a      ___MBCSIsTable
Module: C:\WATCOM2\lib286\dos\clibm.lib(enterdb.c)
0000:4492      __EnterWVIDEO_
04ad:16f2+     __WD_Present
Module: C:\WATCOM2\lib286\dos\clibm.lib(___argc.c)
04ad:1b3c      ____Argv
04ad:1b3e      ____Argc
Module: C:\WATCOM2\lib286\dos\clibm.lib(nmemneed.c)
0000:44ae      __nmemneed_
Module: C:\WATCOM2\lib286\dos\clibm.lib(grownear.c)
0000:4517+     __LastFree_
0000:457f      __ExpandDGROUP_
Module: C:\WATCOM2\lib286\dos\clibm.lib(error086.asm)
0000:4658      __doserror_
0000:4666*     __doserror1_
Module: C:\WATCOM2\lib286\dos\clibm.lib(nrealloc.c)
0000:4672*     _nrealloc_
0000:4672      realloc_
Module: C:\WATCOM2\lib286\dos\clibm.lib(iomodtty.c)
0000:46ec      __ChkTTYIOMode_
0000:4720*     __IOMode_
Module: C:\WATCOM2\lib286\dos\clibm.lib(filedos.c)
0000:4730*     _dos_close_
0000:473e      _dos_commit_
Module: C:\WATCOM2\lib286\dos\clibm.lib(alphabet.c)
04ad:047c      ___Alphabet
Module: C:\WATCOM2\lib286\dos\clibm.lib(mbinit.c)
0000:47aa      __mbinit_
04ad:16f4+     ___MBCodePage
Module: C:\WATCOM2\lib286\dos\clibm.lib(amblksiz.c)
04ad:16f6      __amblksiz
Module: C:\WATCOM2\lib286\dos\clibm.lib(heapen.c)
0000:4815*     _heapenable_
04ad:16f8      ___heap_enabled
Module: C:\WATCOM2\lib286\dos\clibm.lib(sbrk.c)
0000:4821      __brk_
0000:4877*     sbrk_
Module: C:\WATCOM2\lib286\dos\clibm.lib(nmsize.c)
0000:487d*     _msize_
0000:487d      _nmsize_
Module: C:\WATCOM2\lib286\dos\clibm.lib(nexpand.c)
0000:488c      _nexpand_
0000:488c*     _expand_
Module: C:\WATCOM2\lib286\dos\clibm.lib(getltdos.c)
0000:48db      dos_get_dbcs_lead_table_
Module: C:\WATCOM2\lib286\dos\clibm.lib(getcpdos.c)
0000:4904      dos_get_code_page_
Module: C:\WATCOM2\lib286\dos\clibm.lib(_expand.c)
0000:4914      __HeapManager_expand_
Module: C:\WATCOM2\lib286\dos\clibm.lib(bfree.c)
0000:4aa5      _bfree_


                        +--------------------+
                        |   Libraries Used   |
                        +--------------------+

C:\WATCOM2\lib286\dos\clibm.lib


                        +-----------------------+
                        |   Linker Statistics   |
                        +-----------------------+

Stack size:  1000 (4096.)
Memory size:  7610 (30224.)
Entry point address: 0000:211e
Link time: 00:00.39
